<testsuite errors="0" failures="0" name="Django Project Tests" skips="0" tests="21" time="3.314"><testcase classname="ticketing.tests.test_forms.FeatureRequestTest" name="test_no_client" time="0.880363" /><testcase classname="ticketing.tests.test_forms.FeatureRequestTest" name="test_no_desc" time="0.020198" /><testcase classname="ticketing.tests.test_forms.FeatureRequestTest" name="test_no_targetdate" time="0.038572" /><testcase classname="ticketing.tests.test_forms.FeatureRequestTest" name="test_no_title" time="0.030620" /><testcase classname="ticketing.tests.test_forms.FeatureRequestTest" name="test_rejects_feature_name_that_already_exists" time="0.045741" /><testcase classname="ticketing.tests.test_forms.FeatureRequestTest" name="test_valid_form" time="0.041958" /><testcase classname="ticketing.tests.test_models.ClientTest" name="test_string_method" time="0.008279" /><testcase classname="ticketing.tests.test_models.FeatureRequestTest" name="test_string_method" time="0.017727" /><testcase classname="ticketing.tests.test_models.ProductTest" name="test_string_method" time="0.003241" /><testcase classname="ticketing.tests.test_views.TestDataPresentation" name="test_if_condition_in_post_action" time="0.182188" /><testcase classname="ticketing.tests.test_views.TestDataPresentation" name="test_post_action" time="0.258272" /><testcase classname="ticketing.tests.test_views.TestFeatureDetailsPage" name="test_get_action" time="0.418774" /><testcase classname="ticketing.tests.test_views.TestFeaturePage" name="test_get_action" time="0.160669" /><testcase classname="ticketing.tests.test_views.TestFeaturePage" name="test_post_action" time="0.194527" /><testcase classname="ticketing.tests.test_views.TestFeaturePage" name="test_post_action_with_invalid_form" time="0.133175" /><testcase classname="ticketing.tests.test_views.TestHomePage" name="test_get_action" time="0.150377" /><testcase classname="ticketing.tests.test_views.TestHomePage" name="test_homepage_authentication_control" time="0.142049" /><testcase classname="ticketing.tests.test_views.TestHomePage" name="test_post_action" time="0.179103" /><testcase classname="ticketing.tests.test_views.TestHomePage" name="test_post_action_with_no_data" time="0.131655" /><testcase classname="ticketing.tests.test_views.TestHomePage" name="test_post_action_with_no_previous_feature" time="0.118517" /><testcase classname="ticketing.tests.test_views.TestLogin" name="test_authentication_control" time="0.109532" /></testsuite>